// Jest Snapshot v1, https://goo.gl/fbAQLP

exports[`Button Test Suite has a valid snapshot 1`] = `<button />`;
